// Jest Snapshot v1, https://goo.gl/fbAQLP

exports[`dafault modal snapshot 1`] = `
<div>
  <div
    className="modal"
  >
    <div
      className="modal__overlay"
      onClick={[Function]}
    />
    <div
      className="modal__content"
    >
      <div>
         foo 
      </div>
      <div>
         bar 
      </div>
    </div>
  </div>
</div>
`;
